// Jest Snapshot v1, https://goo.gl/fbAQLP

exports[`App snapshot renders the loading screen 1`] = `null`;

exports[`App snapshot renders the root without loading screen 1`] = `
<View
  style={
    Object {
      "alignItems": "center",
      "flex": 1,
      "justifyContent": "center",
    }
  }
>
  <Text
    style={
      Object {
        "color": "#F7AE43",
        "fontFamily": "NanumSquareRoundR",
        "fontSize": 15,
        "marginBottom": 20,
      }
    }
  >
    앱 버전 업데이트 체크중...
  </Text>
  <ActivityIndicator
    animating={true}
    color="#FDCA24"
    hidesWhenStopped={true}
    size={35}
  />
</View>
`;
